// Jest Snapshot v1, https://goo.gl/fbAQLP

exports[`LoginPage component renders LoginPage correctly 1`] = `
<DocumentFragment>
  <div
    class="mantine-Grid-root mantine-xc62nv"
  >
    <div
      class="mantine-Col-root mantine-10gtm89"
    />
    <div
      class="mantine-Col-root mantine-i71g3g"
    >
      <img
        alt="Logo"
        src="icon.png"
        width="100px"
      />
      <h1
        class="mantine-Title-root mantine-7t4acg"
      >
        Inicia Sesión
      </h1>
      <div
        class="mantine-Container-root mantine-1haweco"
        data-testid="loginForm"
        style="width: 100%;"
      >
        <form
          novalidate=""
        >
          <div
            class="mantine-TextInput-root mantine-18udhi"
          >
            <label
              class="mantine-1w07r5r mantine-TextInput-label"
              for="loginEmail"
              id="loginEmail-label"
            >
              Correo Electrónico
            </label>
            <div
              class="mantine-TextInput-wrapper mantine-12sbrde"
            >
              <input
                aria-invalid="false"
                class="mantine-TextInput-defaultVariant mantine-TextInput-input mantine-us7vc8"
                id="loginEmail"
                name="email"
                type="text"
                value=""
              />
            </div>
          </div>
          <div
            class="mantine-PasswordInput-root mantine-18udhi"
          >
            <label
              class="mantine-1w07r5r mantine-PasswordInput-label"
              for="loginPassword"
              id="loginPassword-label"
            >
              Contraseña
            </label>
            <div
              class="mantine-PasswordInput-wrapper mantine-12sbrde"
            >
              <div
                aria-invalid="false"
                class="mantine-PasswordInput-defaultVariant mantine-PasswordInput-input mantine-PasswordInput-input mantine-19bszec"
              >
                <input
                  class="mantine-1a3c7o7 mantine-PasswordInput-innerInput"
                  id="loginPassword"
                  name="password"
                  type="password"
                  value=""
                />
              </div>
              <div
                class="mantine-o3oqoy mantine-PasswordInput-rightSection"
              >
                <button
                  aria-hidden="true"
                  class="mantine-ActionIcon-hover mantine-ActionIcon-root mantine-PasswordInput-visibilityToggle mantine-1uk2gmd"
                  tabindex="-1"
                  type="button"
                >
                  <svg
                    fill="none"
                    height="15"
                    viewBox="0 0 15 15"
                    width="15"
                    xmlns="http://www.w3.org/2000/svg"
                  >
                    <path
                      clip-rule="evenodd"
                      d="M7.5 11C4.80285 11 2.52952 9.62184 1.09622 7.50001C2.52952 5.37816 4.80285 4 7.5 4C10.1971 4 12.4705 5.37816 13.9038 7.50001C12.4705 9.62183 10.1971 11 7.5 11ZM7.5 3C4.30786 3 1.65639 4.70638 0.0760002 7.23501C-0.0253338 7.39715 -0.0253334 7.60288 0.0760014 7.76501C1.65639 10.2936 4.30786 12 7.5 12C10.6921 12 13.3436 10.2936 14.924 7.76501C15.0253 7.60288 15.0253 7.39715 14.924 7.23501C13.3436 4.70638 10.6921 3 7.5 3ZM7.5 9.5C8.60457 9.5 9.5 8.60457 9.5 7.5C9.5 6.39543 8.60457 5.5 7.5 5.5C6.39543 5.5 5.5 6.39543 5.5 7.5C5.5 8.60457 6.39543 9.5 7.5 9.5Z"
                      fill="currentColor"
                      fill-rule="evenodd"
                    />
                  </svg>
                </button>
              </div>
            </div>
          </div>
          <button
            class="mantine-Button-filled mantine-Button-root mantine-tx6rrv"
            style="margin-top: 20px;"
            type="submit"
          >
            <div
              class="mantine-3xbgk5 mantine-Button-inner"
            >
              <span
                class="mantine-qo1k2 mantine-Button-label"
              >
                Enviar
              </span>
            </div>
          </button>
        </form>
      </div>
    </div>
  </div>
</DocumentFragment>
`;
