// Jest Snapshot v1, https://goo.gl/fbAQLP

exports[`FormControl component renders correctly 1`] = `
<div>
  <input
    data-testid="testInput"
    name="test"
    value=""
  />
</div>
`;
